../Core/Src/main.c:126:7:ShootPWMInit	16	static
../Core/Src/main.c:132:8:GetPosition	16	static
../Core/Src/main.c:136:11:ReadServo	24	static
../Core/Src/main.c:150:7:DrawDisplay	8	static
../Core/Src/main.c:163:7:SetPosition	16	static
../Core/Src/main.c:172:7:Rotate	16	static
../Core/Src/main.c:191:7:delay	16	static
../Core/Src/main.c:198:7:HAL_TIM_IC_CaptureCallback	16	static
../Core/Src/main.c:236:7:HCSR04_Read	8	static
../Core/Src/main.c:249:7:read_joystick_position	16	static
../Core/Src/main.c:327:5:main	8	static
../Core/Src/main.c:421:6:SystemClock_Config	88	static
../Core/Src/main.c:468:13:MX_ADC1_Init	24	static
../Core/Src/main.c:520:13:MX_ADC2_Init	24	static
../Core/Src/main.c:572:13:MX_ADC3_Init	24	static
../Core/Src/main.c:624:13:MX_I2C1_Init	8	static
../Core/Src/main.c:658:13:MX_SPI1_Init	8	static
../Core/Src/main.c:696:13:MX_TIM1_Init	80	static
../Core/Src/main.c:761:13:MX_TIM2_Init	48	static
../Core/Src/main.c:810:13:MX_TIM3_Init	48	static
../Core/Src/main.c:859:13:MX_TIM4_Init	32	static
../Core/Src/main.c:907:13:MX_TIM8_Init	80	static
../Core/Src/main.c:972:13:MX_GPIO_Init	48	static
../Core/Src/main.c:1027:6:Error_Handler	4	static,ignoring_inline_asm
