../Core/Src/main.c:91:7:GetPosition	24	static
../Core/Src/main.c:96:6:HAL_ADC_ConvCpltCallback	16	static
../Core/Src/main.c:108:6:SetPosition	16	static
../Core/Src/main.c:117:6:Rotate	4	static
../Core/Src/main.c:132:7:delay	16	static
../Core/Src/main.c:139:7:HAL_TIM_IC_CaptureCallback	16	static
../Core/Src/main.c:177:7:HCSR04_Read	8	static
../Core/Src/main.c:196:5:main	8	static
../Core/Src/main.c:263:6:SystemClock_Config	88	static
../Core/Src/main.c:310:13:MX_ADC1_Init	24	static
../Core/Src/main.c:362:13:MX_ADC2_Init	24	static
../Core/Src/main.c:414:13:MX_ADC3_Init	24	static
../Core/Src/main.c:466:13:MX_TIM1_Init	80	static
../Core/Src/main.c:531:13:MX_TIM2_Init	48	static
../Core/Src/main.c:580:13:MX_TIM3_Init	48	static
../Core/Src/main.c:629:13:MX_TIM4_Init	32	static
../Core/Src/main.c:677:13:MX_GPIO_Init	48	static
../Core/Src/main.c:721:6:Error_Handler	4	static,ignoring_inline_asm
