13:15:09 **** Incremental Build of configuration Debug for project Aiming_Control_Project ****
make -j16 all 
arm-none-eabi-gcc "../Core/Src/main.c" -mcpu=cortex-m4 -std=gnu11 -g3 -DDEBUG -DUSE_HAL_DRIVER -DSTM32F407xx -c -I../Core/Inc -I../Drivers/STM32F4xx_HAL_Driver/Inc -I../Drivers/STM32F4xx_HAL_Driver/Inc/Legacy -I../Drivers/CMSIS/Device/ST/STM32F4xx/Include -I../Drivers/CMSIS/Include -I../Middlewares/Third_Party/FreeRTOS/Source/include -I../Middlewares/Third_Party/FreeRTOS/Source/CMSIS_RTOS -I../Middlewares/Third_Party/FreeRTOS/Source/portable/GCC/ARM_CM4F -O0 -ffunction-sections -fdata-sections -Wall -fstack-usage -fcyclomatic-complexity -MMD -MP -MF"Core/Src/main.d" -MT"Core/Src/main.o" --specs=nano.specs -mfpu=fpv4-sp-d16 -mfloat-abi=hard -mthumb -o "Core/Src/main.o"
../Core/Src/main.c: In function 'escribirMensajeLCD':
../Core/Src/main.c:100:5: warning: implicit declaration of function 'lcdClear' [-Wimplicit-function-declaration]
  100 |     lcdClear();
      |     ^~~~~~~~
../Core/Src/main.c:103:36: warning: implicit declaration of function 'strlen' [-Wimplicit-function-declaration]
  103 |     lcdPrintStr((uint8_t*)mensaje, strlen(mensaje));
      |                                    ^~~~~~
../Core/Src/main.c:22:1: note: include '<string.h>' or provide a declaration of 'strlen'
   21 | #include "cmsis_os.h"
  +++ |+#include <string.h>
   22 | 
../Core/Src/main.c:103:36: warning: incompatible implicit declaration of built-in function 'strlen' [-Wbuiltin-declaration-mismatch]
  103 |     lcdPrintStr((uint8_t*)mensaje, strlen(mensaje));
      |                                    ^~~~~~
../Core/Src/main.c:103:36: note: include '<string.h>' or provide a declaration of 'strlen'
../Core/Src/main.c: In function 'SetPosition':
../Core/Src/main.c:126:9: warning: implicit declaration of function 'HAL_TIM_PWM_COMPARE'; did you mean 'HAL_TIM_PWM_Start'? [-Wimplicit-function-declaration]
  126 |         HAL_TIM_PWM_COMPARE(htim, TIM_CHANNEL_1, PulseWidth);
      |         ^~~~~~~~~~~~~~~~~~~
      |         HAL_TIM_PWM_Start
arm-none-eabi-gcc -o "Aiming_Control_Project.elf" @"objects.list"   -mcpu=cortex-m4 -T"C:\Users\ivano\OneDrive\Documentos\GitHub\STM_Aiming_Control\Aiming_Control_Project\STM32F407VGTX_FLASH.ld" --specs=nosys.specs -Wl,-Map="Aiming_Control_Project.map" -Wl,--gc-sections -static --specs=nano.specs -mfpu=fpv4-sp-d16 -mfloat-abi=hard -mthumb -Wl,--start-group -lc -lm -Wl,--end-group
Finished building target: Aiming_Control_Project.elf
 
arm-none-eabi-size  Aiming_Control_Project.elf 
arm-none-eabi-objdump -h -S Aiming_Control_Project.elf  > "Aiming_Control_Project.list"
   text	   data	    bss	    dec	    hex	filename
  32416	     16	  18680	  51112	   c7a8	Aiming_Control_Project.elf
Finished building: default.size.stdout
 
Finished building: Aiming_Control_Project.list
 

13:15:10 Build Finished. 0 errors, 4 warnings. (took 1s.16ms)

